// Jest Snapshot v1, https://goo.gl/fbAQLP

exports[`Pokemon Home Page should render my pokemon lists 1`] = `
<div>
  <div
    class="css-1kunwhw"
  >
    <h2
      class="css-1bz0bai"
    >
      You haven\`t caught a pokemon yet!
      <button
        class="css-ltufum"
      >
        catch it now!
      </button>
    </h2>
  </div>
</div>
`;
